// Jest Snapshot v1, https://goo.gl/fbAQLP

exports[`Test Not Found 1`] = `
<p>
  Page Not Found
</p>
`;
